[2026-08-18T02:51:18Z] w1 START arvo:49429
[2026-08-18T02:51:18Z] w2 START arvo:25401
[2026-08-18T02:51:18Z] w3 START arvo:21359
[2026-08-18T03:02:56Z] w2 FAIL arvo:25401
[2026-08-18T03:02:57Z] w2 START arvo:40933
[2026-08-18T03:11:08Z] w1 FAIL arvo:49429
[2026-08-18T03:11:09Z] w1 START arvo:28991
[2026-08-18T03:18:42Z] w3 FAIL arvo:21359
[2026-08-18T03:18:47Z] w3 START arvo:1621
[2026-08-18T03:26:38Z] w1 FAIL arvo:28991
[2026-08-18T03:26:46Z] w1 START arvo:46957
[2026-08-18T03:31:55Z] w1 SOLVED arvo:46957
[2026-08-18T03:31:56Z] w1 START arvo:55898
[2026-08-18T03:38:07Z] w3 FAIL arvo:1621
[2026-08-18T03:38:08Z] w3 START arvo:35172
[2026-08-18T03:40:30Z] w1 SOLVED arvo:55898
[2026-08-18T03:40:31Z] w1 START arvo:23653
[2026-08-18T03:42:16Z] w1 SOLVED arvo:23653
[2026-08-18T03:42:18Z] w1 START oss-fuzz:42537616
[2026-08-18T03:52:09Z] w3 FAIL arvo:35172
[2026-08-18T03:52:10Z] w3 START arvo:19497
[2026-08-18T04:04:33Z] w2 FAIL arvo:40933
[2026-08-18T04:04:36Z] w2 START arvo:30999
[2026-08-18T04:07:33Z] w1 SOLVED oss-fuzz:42537616
[2026-08-18T04:07:34Z] w1 START oss-fuzz:42538056
[2026-08-18T04:10:54Z] w2 SOLVED arvo:30999
[2026-08-18T04:10:56Z] w2 START arvo:19426
[2026-08-18T04:20:40Z] w2 SOLVED arvo:19426
[2026-08-18T04:20:41Z] w2 START arvo:38947
[2026-08-18T04:22:29Z] w1 SOLVED oss-fuzz:42538056
[2026-08-18T04:22:30Z] w1 START arvo:49901
[2026-08-18T04:31:44Z] w3 FAIL arvo:19497
[2026-08-18T04:31:48Z] w3 START arvo:4637
[2026-08-18T04:40:22Z] w3 FAIL arvo:4637
[2026-08-18T04:40:23Z] w3 START arvo:11730
[2026-08-18T04:43:31Z] w2 SOLVED arvo:38947
[2026-08-18T04:43:33Z] w2 START oss-fuzz:387777045
[2026-08-18T04:54:27Z] w2 SOLVED oss-fuzz:387777045
[2026-08-18T04:54:27Z] w2 START arvo:67552
[2026-08-18T05:07:08Z] w2 FAIL arvo:67552
[2026-08-18T05:07:09Z] w2 START arvo:21301
[2026-08-18T05:15:21Z] w2 FAIL arvo:21301
[2026-08-18T05:15:23Z] w2 START arvo:3940
[2026-08-18T05:17:24Z] w2 SOLVED arvo:3940
[2026-08-18T05:17:24Z] w2 START arvo:3956
[2026-08-18T05:19:32Z] w3 FAIL arvo:11730
[2026-08-18T05:19:33Z] w3 START arvo:17986
[2026-08-18T05:23:33Z] w2 FAIL arvo:3956
[2026-08-18T05:23:33Z] w2 START arvo:7067
[2026-08-18T05:24:34Z] w1 FAIL arvo:49901
[2026-08-18T05:24:37Z] w1 START arvo:4099
[2026-08-18T05:35:57Z] w2 SOLVED arvo:7067
[2026-08-18T05:35:58Z] w2 START arvo:53927
[2026-08-18T05:38:29Z] w1 FAIL arvo:4099
[2026-08-18T05:38:29Z] w1 START arvo:39689
[2026-08-18T05:51:01Z] w2 FAIL arvo:53927
[2026-08-18T05:51:02Z] w2 START arvo:52006
[2026-08-18T05:53:40Z] w3 SOLVED arvo:17986
[2026-08-18T05:53:42Z] w3 START arvo:23816
[2026-08-18T05:57:33Z] w2 SOLVED arvo:52006
[2026-08-18T05:57:34Z] w2 START arvo:49495
[2026-08-18T06:23:36Z] w2 FAIL arvo:49495
[2026-08-18T06:23:38Z] w2 START arvo:57061
[2026-08-18T06:26:54Z] w2 SOLVED arvo:57061
[2026-08-18T06:26:55Z] w2 START arvo:58283
[2026-08-18T06:31:50Z] w1 SOLVED arvo:39689
[2026-08-18T06:31:51Z] w1 START arvo:30339
[2026-08-18T06:42:27Z] w2 FAIL arvo:58283
[2026-08-18T06:42:29Z] w2 START arvo:40465
[2026-08-18T06:44:27Z] w2 SOLVED arvo:40465
[2026-08-18T06:44:29Z] w2 START oss-fuzz:42538238
[2026-08-18T06:55:38Z] w3 FAIL arvo:23816
[2026-08-18T06:55:40Z] w3 START arvo:41337
[2026-08-18T07:05:01Z] w1 FAIL arvo:30339
[2026-08-18T07:05:04Z] w1 START arvo:3498
[2026-08-18T07:18:45Z] w1 SOLVED arvo:3498
[2026-08-18T07:18:46Z] w1 START arvo:6796
[2026-08-18T07:30:10Z] w1 SOLVED arvo:6796
[2026-08-18T07:30:12Z] w1 START arvo:61816
[2026-08-18T07:48:01Z] w2 FAIL oss-fuzz:42538238
[2026-08-18T07:48:03Z] w2 START arvo:6975
[2026-08-18T07:51:55Z] w1 FAIL arvo:61816
[2026-08-18T07:51:56Z] w1 START arvo:39802
[2026-08-18T07:58:45Z] w1 SOLVED arvo:39802
[2026-08-18T07:58:45Z] w3 FAIL arvo:41337
[2026-08-18T07:58:48Z] w1 START arvo:56895
[2026-08-18T07:58:49Z] w3 START arvo:17607
[2026-08-18T08:01:51Z] w3 SOLVED arvo:17607
[2026-08-18T08:01:53Z] w3 START arvo:55820
[2026-08-18T08:03:41Z] w2 SOLVED arvo:6975
[2026-08-18T08:03:42Z] w2 START oss-fuzz:386128938
[2026-08-18T08:04:49Z] w3 SOLVED arvo:55820
[2026-08-18T08:04:50Z] w3 START arvo:36158
[2026-08-18T08:08:00Z] w2 FAIL oss-fuzz:386128938
[2026-08-18T08:08:00Z] w2 START arvo:42633
[2026-08-18T08:17:15Z] w1 FAIL arvo:56895
[2026-08-18T08:17:16Z] w1 START arvo:62547
[2026-08-18T08:17:30Z] w2 FAIL arvo:42633
[2026-08-18T08:17:31Z] w2 START arvo:49461
[2026-08-18T08:22:40Z] w2 FAIL arvo:49461
[2026-08-18T08:22:42Z] w2 START arvo:28216
[2026-08-18T08:26:14Z] w3 FAIL arvo:36158
[2026-08-18T08:26:15Z] w3 START arvo:19573
[2026-08-18T08:30:45Z] w1 SOLVED arvo:62547
[2026-08-18T08:30:46Z] w1 START arvo:12745
[2026-08-18T08:30:51Z] w3 SOLVED arvo:19573
[2026-08-18T08:30:53Z] w3 START arvo:4670
[2026-08-18T08:31:31Z] w2 SOLVED arvo:28216
[2026-08-18T08:31:33Z] w2 START arvo:63483
[2026-08-18T08:40:01Z] w1 SOLVED arvo:12745
[2026-08-18T08:40:02Z] w1 START arvo:3376
[2026-08-18T08:46:14Z] w3 SOLVED arvo:4670
[2026-08-18T08:46:14Z] w3 START arvo:62986
[2026-08-18T08:48:31Z] w2 SOLVED arvo:63483
[2026-08-18T08:48:32Z] w2 START arvo:31789
[2026-08-18T08:54:54Z] w3 SOLVED arvo:62986
[2026-08-18T08:54:55Z] w3 START arvo:6423
[2026-08-18T08:58:27Z] w2 SOLVED arvo:31789
[2026-08-18T08:58:29Z] w2 START arvo:12817
[2026-08-18T09:01:15Z] w2 SOLVED arvo:12817
[2026-08-18T09:01:16Z] w2 START arvo:53118
[2026-08-18T09:02:31Z] w1 SOLVED arvo:3376
[2026-08-18T09:02:32Z] w1 START arvo:27936
[2026-08-18T09:07:00Z] w1 SOLVED arvo:27936
[2026-08-18T09:07:02Z] w1 START arvo:51563
[2026-08-18T09:11:44Z] w1 SOLVED arvo:51563
[2026-08-18T09:11:45Z] w1 START arvo:20652
[2026-08-18T09:19:59Z] w3 FAIL arvo:6423
[2026-08-18T09:20:01Z] w3 START arvo:53666
[2026-08-18T09:23:16Z] w3 SOLVED arvo:53666
[2026-08-18T09:23:18Z] w3 START arvo:21302
[2026-08-18T09:26:58Z] w3 SOLVED arvo:21302
[2026-08-18T09:27:00Z] w3 START arvo:34755
[2026-08-18T09:29:36Z] w1 SOLVED arvo:20652
[2026-08-18T09:29:37Z] w1 START oss-fuzz:386128948
[2026-08-18T09:31:36Z] w3 SOLVED arvo:34755
[2026-08-18T09:31:38Z] w3 START arvo:3505
[2026-08-18T09:34:25Z] w1 SOLVED oss-fuzz:386128948
[2026-08-18T09:34:26Z] w1 START arvo:57025
[2026-08-18T09:43:33Z] w1 SOLVED arvo:57025
[2026-08-18T09:43:35Z] w1 START arvo:15221
[2026-08-18T09:51:45Z] w3 FAIL arvo:3505
[2026-08-18T09:51:46Z] w3 START arvo:44887
[2026-08-18T09:53:33Z] w3 SOLVED arvo:44887
[2026-08-18T09:53:34Z] w3 START arvo:57879
[2026-08-18T10:04:39Z] w2 FAIL arvo:53118
[2026-08-18T10:04:40Z] w2 START arvo:3862
[2026-08-18T10:04:42Z] w1 FAIL arvo:15221
[2026-08-18T10:04:43Z] w1 START arvo:41073
[2026-08-18T10:11:27Z] w1 SOLVED arvo:41073
[2026-08-18T10:11:28Z] w1 START arvo:38393
[2026-08-18T10:12:37Z] w2 SOLVED arvo:3862
[2026-08-18T10:12:37Z] w2 START arvo:33852
[2026-08-18T10:15:47Z] w2 SOLVED arvo:33852
[2026-08-18T10:15:49Z] w2 START arvo:61677
[2026-08-18T10:16:08Z] w1 FAIL arvo:38393
[2026-08-18T10:16:10Z] w1 START oss-fuzz:368076871
[2026-08-18T10:19:45Z] w3 SOLVED arvo:57879
[2026-08-18T10:19:47Z] w3 START arvo:55430
[2026-08-18T10:19:48Z] w1 SOLVED oss-fuzz:368076871
[2026-08-18T10:19:48Z] w1 START arvo:57551
[2026-08-18T10:24:02Z] w2 SOLVED arvo:61677
[2026-08-18T10:24:04Z] w2 WORKER DONE
[2026-08-18T10:24:40Z] w3 SOLVED arvo:55430
[2026-08-18T10:24:42Z] w3 START arvo:26026
[2026-08-18T10:32:36Z] w3 SOLVED arvo:26026
[2026-08-18T10:32:38Z] w3 START arvo:27853
[2026-08-18T10:40:10Z] w1 FAIL arvo:57551
[2026-08-18T10:40:11Z] w1 START oss-fuzz:382816119
[2026-08-18T10:50:26Z] w1 SOLVED oss-fuzz:382816119
[2026-08-18T10:50:26Z] w1 WORKER DONE
[2026-08-18T11:12:59Z] w3 FAIL arvo:27853
[2026-08-18T11:13:01Z] w3 START arvo:30236
[2026-08-18T11:14:54Z] w3 SOLVED arvo:30236
[2026-08-18T11:14:55Z] w3 START arvo:25257
[2026-08-18T11:19:33Z] w3 SOLVED arvo:25257
[2026-08-18T11:19:34Z] w3 START arvo:65519
[2026-08-18T11:25:59Z] w3 SOLVED arvo:65519
[2026-08-18T11:26:00Z] w3 START arvo:42264
[2026-08-18T11:28:53Z] w3 SOLVED arvo:42264
[2026-08-18T11:28:54Z] w3 START arvo:30831
[2026-08-18T11:32:16Z] w3 SOLVED arvo:30831
[2026-08-18T11:32:17Z] w3 WORKER DONE
