[2026-08-18T11:46:51Z] p2w2 START arvo:1621
[2026-08-18T11:46:51Z] p2w1 START arvo:40933
[2026-08-18T11:46:51Z] p2w3 START arvo:35172
[2026-08-18T11:59:32Z] p2w2 SOLVED arvo:1621
[2026-08-18T11:59:33Z] p2w2 START arvo:4637
[2026-08-18T12:04:14Z] p2w1 SOLVED arvo:40933
[2026-08-18T12:04:15Z] p2w1 START arvo:19497
[2026-08-18T12:08:23Z] p2w3 SOLVED arvo:35172
[2026-08-18T12:08:24Z] p2w3 START arvo:11730
[2026-08-18T12:27:14Z] p2w3 SOLVED arvo:11730
[2026-08-18T12:27:16Z] p2w3 START arvo:21301
[2026-08-18T12:30:33Z] p2w3 SOLVED arvo:21301
[2026-08-18T12:30:35Z] p2w3 START arvo:41337
[2026-08-18T12:41:06Z] p2w1 FAIL arvo:19497
[2026-08-18T12:41:08Z] p2w1 START arvo:67552
[2026-08-18T13:06:55Z] p2w1 FAIL arvo:67552
[2026-08-18T13:06:56Z] p2w1 START arvo:23816
[2026-08-18T13:17:16Z] p2w1 SOLVED arvo:23816
[2026-08-18T13:17:18Z] p2w1 START arvo:3956
[2026-08-18T13:26:25Z] p2w1 FAIL arvo:3956
[2026-08-18T13:26:26Z] p2w1 START arvo:36158
[2026-08-18T13:29:35Z] p2w2 FAIL arvo:4637
[2026-08-18T13:29:36Z] p2w2 START arvo:49901
[2026-08-18T13:35:34Z] p2w1 SOLVED arvo:36158
[2026-08-18T13:35:35Z] p2w1 START arvo:56895
[2026-08-18T13:50:45Z] p2w1 SOLVED arvo:56895
[2026-08-18T13:50:46Z] p2w1 START oss-fuzz:42538238
[2026-08-18T14:01:41Z] p2w3 FAIL arvo:41337
[2026-08-18T14:01:43Z] p2w3 START arvo:53927
[2026-08-18T14:39:22Z] p2w1 FAIL oss-fuzz:42538238
[2026-08-18T14:39:23Z] p2w1 START arvo:42633
[2026-08-18T14:51:24Z] p2w1 FAIL arvo:42633
[2026-08-18T14:51:25Z] p2w1 START arvo:27853
[2026-08-18T15:00:00Z] p2w2 SOLVED arvo:49901
[2026-08-18T15:00:02Z] p2w2 START arvo:4099
[2026-08-18T15:00:44Z] p2w1 SOLVED arvo:27853
[2026-08-18T15:00:46Z] p2w1 START arvo:57551
[2026-08-18T15:10:39Z] p2w2 SOLVED arvo:4099
[2026-08-18T15:10:39Z] p2w2 START arvo:30339
[2026-08-18T15:19:14Z] p2w3 FAIL arvo:53927
[2026-08-18T15:19:15Z] p2w3 START arvo:49495
[2026-08-18T15:38:21Z] p2w1 FAIL arvo:57551
[2026-08-18T15:38:22Z] p2w1 WORKER DONE
[2026-08-18T15:40:42Z] p2w3 SOLVED arvo:49495
[2026-08-18T15:40:43Z] p2w3 START arvo:6423
[2026-08-18T15:41:53Z] p2w2 FAIL arvo:30339
[2026-08-18T15:41:56Z] p2w2 START arvo:61816
[2026-08-18T16:00:46Z] p2w3 FAIL arvo:6423
[2026-08-18T16:00:47Z] p2w3 START arvo:3505
[2026-08-18T16:10:48Z] p2w3 SOLVED arvo:3505
[2026-08-18T16:10:49Z] p2w3 START arvo:15221
[2026-08-18T16:14:55Z] p2w3 SOLVED arvo:15221
[2026-08-18T16:14:56Z] p2w3 START arvo:53118
[2026-08-18T16:24:19Z] p2w3 FAIL arvo:53118
[2026-08-18T16:24:21Z] p2w3 WORKER DONE
[2026-08-18T17:05:15Z] p2w2 SOLVED arvo:61816
[2026-08-18T17:05:16Z] p2w2 START arvo:58283
[2026-08-18T18:06:06Z] p2w2 SOLVED arvo:58283
[2026-08-18T18:06:08Z] p2w2 START oss-fuzz:386128938
[2026-08-18T19:04:17Z] p2w2 SOLVED oss-fuzz:386128938
[2026-08-18T19:04:18Z] p2w2 START arvo:49461
[2026-08-18T19:17:02Z] p2w2 SOLVED arvo:49461
[2026-08-18T19:17:03Z] p2w2 START arvo:38393
[2026-08-18T19:19:17Z] p2w2 SOLVED arvo:38393
[2026-08-18T19:19:18Z] p2w2 WORKER DONE
